[    1970ms] [ERROR] Failed to load resource: the server responded with a status of 400 (Bad Request) @ http://localhost:3200/_next/image?url=%2Fimages%2Fproducts%2Fboso-buds-pro.webp&w=256&q=75:0
[    2710ms] [ERROR] Failed to load resource: the server responded with a status of 400 (Bad Request) @ http://localhost:3200/_next/image?url=%2Fimages%2Fproducts%2Fxioma-pro-smartphone.webp&w=256&q=75:0
[    2710ms] [ERROR] Failed to load resource: the server responded with a status of 400 (Bad Request) @ http://localhost:3200/_next/image?url=%2Fimages%2Fproducts%2Fopplo-watch-3.webp&w=256&q=75:0
[   21927ms] [ERROR] Failed to load resource: the server responded with a status of 400 (Bad Request) @ http://localhost:3200/_next/image?url=%2Fimages%2Fproducts%2Fxioma-14-blue.webp&w=384&q=75:0
[   21937ms] [ERROR] Failed to load resource: the server responded with a status of 400 (Bad Request) @ http://localhost:3200/_next/image?url=%2Fimages%2Fproducts%2Fopplo-pad-navy.webp&w=384&q=75:0
[   21938ms] [ERROR] Failed to load resource: the server responded with a status of 400 (Bad Request) @ http://localhost:3200/_next/image?url=%2Fimages%2Fproducts%2Fxioma-pad-6.webp&w=384&q=75:0
[   22799ms] [ERROR] Failed to load resource: the server responded with a status of 400 (Bad Request) @ http://localhost:3200/_next/image?url=%2Fimages%2Fproducts%2Fclear-case-13.webp&w=256&q=75:0
[   38334ms] [ERROR] Failed to load resource: the server responded with a status of 400 (Bad Request) @ http://localhost:3200/_next/image?url=%2Fimages%2Fproducts%2Fsono-studio-24.webp&w=384&q=75:0
[  217354ms] [ERROR] Failed to load resource: the server responded with a status of 400 (Bad Request) @ http://localhost:3200/_next/image?url=%2Fimages%2Fproducts%2Fxioma-14-blue.webp&w=384&q=75:0
[  217362ms] [ERROR] Failed to load resource: the server responded with a status of 400 (Bad Request) @ http://localhost:3200/_next/image?url=%2Fimages%2Fproducts%2Fopplo-pad-navy.webp&w=384&q=75:0
[  217382ms] [ERROR] Failed to load resource: the server responded with a status of 400 (Bad Request) @ http://localhost:3200/_next/image?url=%2Fimages%2Fproducts%2Fxioma-pad-6.webp&w=384&q=75:0
[  218249ms] [ERROR] Failed to load resource: the server responded with a status of 400 (Bad Request) @ http://localhost:3200/_next/image?url=%2Fimages%2Fproducts%2Fopplo-watch-3.webp&w=256&q=75:0
[  218252ms] [ERROR] Failed to load resource: the server responded with a status of 400 (Bad Request) @ http://localhost:3200/_next/image?url=%2Fimages%2Fproducts%2Fclear-case-13.webp&w=256&q=75:0
[  248832ms] [ERROR] Failed to load resource: the server responded with a status of 400 (Bad Request) @ http://localhost:3200/_next/image?url=%2Fimages%2Fproducts%2Fxioma-14-blue.webp&w=384&q=75:0
[  248839ms] [ERROR] Failed to load resource: the server responded with a status of 400 (Bad Request) @ http://localhost:3200/_next/image?url=%2Fimages%2Fproducts%2Fopplo-pad-navy.webp&w=384&q=75:0
[  248846ms] [ERROR] Failed to load resource: the server responded with a status of 400 (Bad Request) @ http://localhost:3200/_next/image?url=%2Fimages%2Fproducts%2Fxioma-pad-6.webp&w=384&q=75:0
[  249779ms] [ERROR] Failed to load resource: the server responded with a status of 400 (Bad Request) @ http://localhost:3200/_next/image?url=%2Fimages%2Fproducts%2Fopplo-watch-3.webp&w=256&q=75:0
[  249806ms] [ERROR] Failed to load resource: the server responded with a status of 400 (Bad Request) @ http://localhost:3200/_next/image?url=%2Fimages%2Fproducts%2Fclear-case-13.webp&w=256&q=75:0
[  265263ms] [ERROR] Failed to load resource: the server responded with a status of 400 (Bad Request) @ http://localhost:3200/_next/image?url=%2Fimages%2Fproducts%2Fsono-studio-24.webp&w=384&q=75:0
[  356835ms] [ERROR] Failed to load resource: the server responded with a status of 400 (Bad Request) @ http://localhost:3200/_next/image?url=%2Fimages%2Fproducts%2Fxioma-14-blue.webp&w=384&q=75:0
[  356865ms] [ERROR] Failed to load resource: the server responded with a status of 400 (Bad Request) @ http://localhost:3200/_next/image?url=%2Fimages%2Fproducts%2Fopplo-pad-navy.webp&w=384&q=75:0
[  356872ms] [ERROR] Failed to load resource: the server responded with a status of 400 (Bad Request) @ http://localhost:3200/_next/image?url=%2Fimages%2Fproducts%2Fxioma-pad-6.webp&w=384&q=75:0
[  357768ms] [ERROR] Failed to load resource: the server responded with a status of 400 (Bad Request) @ http://localhost:3200/_next/image?url=%2Fimages%2Fproducts%2Fopplo-watch-3.webp&w=256&q=75:0
[  357791ms] [ERROR] Failed to load resource: the server responded with a status of 400 (Bad Request) @ http://localhost:3200/_next/image?url=%2Fimages%2Fproducts%2Fclear-case-13.webp&w=256&q=75:0
[  373258ms] [ERROR] Failed to load resource: the server responded with a status of 400 (Bad Request) @ http://localhost:3200/_next/image?url=%2Fimages%2Fproducts%2Fsono-studio-24.webp&w=384&q=75:0
[  424489ms] [ERROR] Failed to load resource: the server responded with a status of 400 (Bad Request) @ http://localhost:3200/_next/image?url=%2Fimages%2Fproducts%2Fxioma-14-blue.webp&w=384&q=75:0
[  424495ms] [ERROR] Failed to load resource: the server responded with a status of 400 (Bad Request) @ http://localhost:3200/_next/image?url=%2Fimages%2Fproducts%2Fopplo-pad-navy.webp&w=384&q=75:0
[  424507ms] [ERROR] Failed to load resource: the server responded with a status of 400 (Bad Request) @ http://localhost:3200/_next/image?url=%2Fimages%2Fproducts%2Fxioma-pad-6.webp&w=384&q=75:0
[  425479ms] [ERROR] Failed to load resource: the server responded with a status of 400 (Bad Request) @ http://localhost:3200/_next/image?url=%2Fimages%2Fproducts%2Fopplo-watch-3.webp&w=256&q=75:0
[  425560ms] [ERROR] Failed to load resource: the server responded with a status of 400 (Bad Request) @ http://localhost:3200/_next/image?url=%2Fimages%2Fproducts%2Fclear-case-13.webp&w=256&q=75:0
[  440975ms] [ERROR] Failed to load resource: the server responded with a status of 400 (Bad Request) @ http://localhost:3200/_next/image?url=%2Fimages%2Fproducts%2Fsono-studio-24.webp&w=384&q=75:0
[  498071ms] [ERROR] Failed to load resource: the server responded with a status of 400 (Bad Request) @ http://localhost:3200/_next/image?url=%2Fimages%2Fproducts%2Fxioma-14-blue.webp&w=384&q=75:0
[  498077ms] [ERROR] Failed to load resource: the server responded with a status of 400 (Bad Request) @ http://localhost:3200/_next/image?url=%2Fimages%2Fproducts%2Fopplo-pad-navy.webp&w=384&q=75:0
[  498080ms] [ERROR] Failed to load resource: the server responded with a status of 400 (Bad Request) @ http://localhost:3200/_next/image?url=%2Fimages%2Fproducts%2Fxioma-pad-6.webp&w=384&q=75:0
[  499029ms] [ERROR] Failed to load resource: the server responded with a status of 400 (Bad Request) @ http://localhost:3200/_next/image?url=%2Fimages%2Fproducts%2Fopplo-watch-3.webp&w=256&q=75:0
[  499029ms] [ERROR] Failed to load resource: the server responded with a status of 400 (Bad Request) @ http://localhost:3200/_next/image?url=%2Fimages%2Fproducts%2Fclear-case-13.webp&w=256&q=75:0
[  514534ms] [ERROR] Failed to load resource: the server responded with a status of 400 (Bad Request) @ http://localhost:3200/_next/image?url=%2Fimages%2Fproducts%2Fsono-studio-24.webp&w=384&q=75:0
[20917095ms] [ERROR] Failed to load resource: the server responded with a status of 400 (Bad Request) @ http://localhost:3200/_next/image?url=%2Fimages%2Fproducts%2Fxioma-14-blue.webp&w=256&q=75:0
[20917095ms] [ERROR] Failed to load resource: the server responded with a status of 400 (Bad Request) @ http://localhost:3200/_next/image?url=%2Fimages%2Fproducts%2Fopplo-pad-navy.webp&w=256&q=75:0
[20917102ms] [ERROR] Failed to load resource: the server responded with a status of 400 (Bad Request) @ http://localhost:3200/_next/image?url=%2Fimages%2Fproducts%2Fxioma-pad-6.webp&w=256&q=75:0
[20918018ms] [ERROR] Failed to load resource: the server responded with a status of 400 (Bad Request) @ http://localhost:3200/_next/image?url=%2Fimages%2Fproducts%2Fopplo-watch-3.webp&w=256&q=75:0
[20918019ms] [ERROR] Failed to load resource: the server responded with a status of 400 (Bad Request) @ http://localhost:3200/_next/image?url=%2Fimages%2Fproducts%2Fclear-case-13.webp&w=256&q=75:0
[20933519ms] [ERROR] Failed to load resource: the server responded with a status of 400 (Bad Request) @ http://localhost:3200/_next/image?url=%2Fimages%2Fproducts%2Fsono-studio-24.webp&w=256&q=75:0
[20944087ms] [WARNING] The resource http://localhost:3200/_next/image?url=%2Fimages%2Fproducts%2Fxioma-book-air.webp&w=384&q=75 was preloaded using link preload but not used within a few seconds from the window's load event. Please make sure it has an appropriate `as` value and it is preloaded intentionally. @ http://localhost:3200/:0
[21018825ms] [WARNING] The resource http://localhost:3200/_next/image?url=%2Fimages%2Fproducts%2Fxioma-book-air.webp&w=384&q=75 was preloaded using link preload but not used within a few seconds from the window's load event. Please make sure it has an appropriate `as` value and it is preloaded intentionally. @ http://localhost:3200/:0
[21030907ms] [ERROR] Failed to load resource: the server responded with a status of 400 (Bad Request) @ http://localhost:3200/_next/image?url=%2Fimages%2Fproducts%2Fxioma-14-blue.webp&w=256&q=75:0
[21030907ms] [ERROR] Failed to load resource: the server responded with a status of 400 (Bad Request) @ http://localhost:3200/_next/image?url=%2Fimages%2Fproducts%2Fopplo-pad-navy.webp&w=256&q=75:0
[21030908ms] [ERROR] Failed to load resource: the server responded with a status of 400 (Bad Request) @ http://localhost:3200/_next/image?url=%2Fimages%2Fproducts%2Fxioma-pad-6.webp&w=256&q=75:0
[21031855ms] [ERROR] Failed to load resource: the server responded with a status of 400 (Bad Request) @ http://localhost:3200/_next/image?url=%2Fimages%2Fproducts%2Fopplo-watch-3.webp&w=256&q=75:0
[21031880ms] [ERROR] Failed to load resource: the server responded with a status of 400 (Bad Request) @ http://localhost:3200/_next/image?url=%2Fimages%2Fproducts%2Fclear-case-13.webp&w=256&q=75:0
[21034884ms] [WARNING] The resource http://localhost:3200/_next/image?url=%2Fimages%2Fproducts%2Fxioma-book-air.webp&w=384&q=75 was preloaded using link preload but not used within a few seconds from the window's load event. Please make sure it has an appropriate `as` value and it is preloaded intentionally. @ http://localhost:3200/:0
[21047336ms] [ERROR] Failed to load resource: the server responded with a status of 400 (Bad Request) @ http://localhost:3200/_next/image?url=%2Fimages%2Fproducts%2Fsono-studio-24.webp&w=256&q=75:0
[21051271ms] [WARNING] The resource http://localhost:3200/_next/image?url=%2Fimages%2Fproducts%2Fxioma-book-air.webp&w=384&q=75 was preloaded using link preload but not used within a few seconds from the window's load event. Please make sure it has an appropriate `as` value and it is preloaded intentionally. @ http://localhost:3200/:0
[21067756ms] [WARNING] The resource http://localhost:3200/_next/image?url=%2Fimages%2Fproducts%2Fxioma-book-air.webp&w=384&q=75 was preloaded using link preload but not used within a few seconds from the window's load event. Please make sure it has an appropriate `as` value and it is preloaded intentionally. @ http://localhost:3200/:0
[21083911ms] [ERROR] Failed to load resource: the server responded with a status of 400 (Bad Request) @ http://localhost:3200/_next/image?url=%2Fimages%2Fproducts%2Fxioma-pad-6.webp&w=384&q=75:0
[21084195ms] [ERROR] Failed to load resource: the server responded with a status of 400 (Bad Request) @ http://localhost:3200/_next/image?url=%2Fimages%2Fproducts%2Fxioma-book-pro-16.webp&w=384&q=75:0
[21084264ms] [ERROR] Failed to load resource: the server responded with a status of 400 (Bad Request) @ http://localhost:3200/_next/image?url=%2Fimages%2Fproducts%2Fpulse-3-pro.webp&w=384&q=75:0
[21084300ms] [ERROR] Failed to load resource: the server responded with a status of 400 (Bad Request) @ http://localhost:3200/_next/image?url=%2Fimages%2Fproducts%2Fxioma-fold-x.webp&w=384&q=75:0
[21084303ms] [ERROR] Failed to load resource: the server responded with a status of 400 (Bad Request) @ http://localhost:3200/_next/image?url=%2Fimages%2Fproducts%2Fnovatech-aura-6-pro.webp&w=384&q=75:0
[21084308ms] [ERROR] Failed to load resource: the server responded with a status of 400 (Bad Request) @ http://localhost:3200/_next/image?url=%2Fimages%2Fproducts%2Fnova-hub-mini.webp&w=384&q=75:0
[21084336ms] [ERROR] Failed to load resource: the server responded with a status of 400 (Bad Request) @ http://localhost:3200/_next/image?url=%2Fimages%2Fproducts%2Fxioma-pad-6.webp&w=384&q=75:0
[21084898ms] [ERROR] Failed to load resource: the server responded with a status of 404 (Not Found) @ http://localhost:3200/forgot-password?_rsc=17yrj:0
[21088165ms] [ERROR] Failed to load resource: the server responded with a status of 400 (Bad Request) @ http://localhost:3200/_next/image?url=%2Fimages%2Fproducts%2Fxioma-pad-6.webp&w=384&q=75:0
[21088396ms] [ERROR] Failed to load resource: the server responded with a status of 400 (Bad Request) @ http://localhost:3200/_next/image?url=%2Fimages%2Fproducts%2Fxioma-book-pro-16.webp&w=384&q=75:0
[21088398ms] [ERROR] Failed to load resource: the server responded with a status of 400 (Bad Request) @ http://localhost:3200/_next/image?url=%2Fimages%2Fproducts%2Fpulse-3-pro.webp&w=384&q=75:0
[21088401ms] [ERROR] Failed to load resource: the server responded with a status of 400 (Bad Request) @ http://localhost:3200/_next/image?url=%2Fimages%2Fproducts%2Fxioma-fold-x.webp&w=384&q=75:0
[21088412ms] [ERROR] Failed to load resource: the server responded with a status of 400 (Bad Request) @ http://localhost:3200/_next/image?url=%2Fimages%2Fproducts%2Fnovatech-aura-6-pro.webp&w=384&q=75:0
[21088418ms] [ERROR] Failed to load resource: the server responded with a status of 400 (Bad Request) @ http://localhost:3200/_next/image?url=%2Fimages%2Fproducts%2Fnova-hub-mini.webp&w=384&q=75:0
[21088449ms] [ERROR] Failed to load resource: the server responded with a status of 400 (Bad Request) @ http://localhost:3200/_next/image?url=%2Fimages%2Fproducts%2Fxioma-pad-6.webp&w=384&q=75:0
[21088857ms] [ERROR] Failed to load resource: the server responded with a status of 404 (Not Found) @ http://localhost:3200/forgot-password?_rsc=17yrj:0
[21091201ms] [ERROR] Failed to load resource: the server responded with a status of 400 (Bad Request) @ http://localhost:3200/_next/image?url=%2Fimages%2Fproducts%2Fxioma-pad-6.webp&w=384&q=75:0
[21091345ms] [ERROR] Failed to load resource: the server responded with a status of 400 (Bad Request) @ http://localhost:3200/_next/image?url=%2Fimages%2Fproducts%2Fxioma-pad-6.webp&w=384&q=75:0
[21091882ms] [ERROR] Failed to load resource: the server responded with a status of 404 (Not Found) @ http://localhost:3200/forgot-password?_rsc=17yrj:0
[21105308ms] [WARNING] The resource http://localhost:3200/_next/image?url=%2Fimages%2Fproducts%2Fxioma-book-air.webp&w=384&q=75 was preloaded using link preload but not used within a few seconds from the window's load event. Please make sure it has an appropriate `as` value and it is preloaded intentionally. @ http://localhost:3200/:0
[21166990ms] [WARNING] The resource http://localhost:3200/_next/image?url=%2Fimages%2Fproducts%2Fxioma-book-air.webp&w=384&q=75 was preloaded using link preload but not used within a few seconds from the window's load event. Please make sure it has an appropriate `as` value and it is preloaded intentionally. @ http://localhost:3200/:0
[21258284ms] [WARNING] The resource http://localhost:3200/_next/image?url=%2Fimages%2Fproducts%2Fxioma-book-air.webp&w=384&q=75 was preloaded using link preload but not used within a few seconds from the window's load event. Please make sure it has an appropriate `as` value and it is preloaded intentionally. @ http://localhost:3200/:0
[21309554ms] [WARNING] The resource http://localhost:3200/_next/image?url=%2Fimages%2Fproducts%2Fxioma-book-air.webp&w=384&q=75 was preloaded using link preload but not used within a few seconds from the window's load event. Please make sure it has an appropriate `as` value and it is preloaded intentionally. @ http://localhost:3200/:0
[21394107ms] [WARNING] The resource http://localhost:3200/_next/image?url=%2Fimages%2Fproducts%2Fxioma-book-air.webp&w=384&q=75 was preloaded using link preload but not used within a few seconds from the window's load event. Please make sure it has an appropriate `as` value and it is preloaded intentionally. @ http://localhost:3200/:0
[21595189ms] [WARNING] The resource http://localhost:3200/_next/image?url=%2Fimages%2Fproducts%2Fxioma-book-air.webp&w=384&q=75 was preloaded using link preload but not used within a few seconds from the window's load event. Please make sure it has an appropriate `as` value and it is preloaded intentionally. @ http://localhost:3200/:0
[21608596ms] [ERROR] Failed to load resource: the server responded with a status of 400 (Bad Request) @ http://localhost:3200/_next/image?url=%2Fimages%2Fproducts%2Fxioma-14-blue.webp&w=256&q=75:0
[21608615ms] [ERROR] Failed to load resource: the server responded with a status of 400 (Bad Request) @ http://localhost:3200/_next/image?url=%2Fimages%2Fproducts%2Fopplo-pad-navy.webp&w=256&q=75:0
[21608617ms] [ERROR] Failed to load resource: the server responded with a status of 400 (Bad Request) @ http://localhost:3200/_next/image?url=%2Fimages%2Fproducts%2Fxioma-pad-6.webp&w=256&q=75:0
[21609381ms] [ERROR] Failed to load resource: the server responded with a status of 400 (Bad Request) @ http://localhost:3200/_next/image?url=%2Fimages%2Fproducts%2Fopplo-watch-3.webp&w=256&q=75:0
[21609382ms] [ERROR] Failed to load resource: the server responded with a status of 400 (Bad Request) @ http://localhost:3200/_next/image?url=%2Fimages%2Fproducts%2Fclear-case-13.webp&w=256&q=75:0
[21612417ms] [WARNING] The resource http://localhost:3200/_next/image?url=%2Fimages%2Fproducts%2Fxioma-book-air.webp&w=384&q=75 was preloaded using link preload but not used within a few seconds from the window's load event. Please make sure it has an appropriate `as` value and it is preloaded intentionally. @ http://localhost:3200/:0
[21624803ms] [ERROR] Failed to load resource: the server responded with a status of 400 (Bad Request) @ http://localhost:3200/_next/image?url=%2Fimages%2Fproducts%2Fsono-studio-24.webp&w=256&q=75:0
[21628721ms] [WARNING] The resource http://localhost:3200/_next/image?url=%2Fimages%2Fproducts%2Fxioma-book-air.webp&w=384&q=75 was preloaded using link preload but not used within a few seconds from the window's load event. Please make sure it has an appropriate `as` value and it is preloaded intentionally. @ http://localhost:3200/:0
[21645210ms] [WARNING] The resource http://localhost:3200/_next/image?url=%2Fimages%2Fproducts%2Fxioma-book-air.webp&w=384&q=75 was preloaded using link preload but not used within a few seconds from the window's load event. Please make sure it has an appropriate `as` value and it is preloaded intentionally. @ http://localhost:3200/:0
[21661687ms] [WARNING] The resource http://localhost:3200/_next/image?url=%2Fimages%2Fproducts%2Fxioma-book-air.webp&w=384&q=75 was preloaded using link preload but not used within a few seconds from the window's load event. Please make sure it has an appropriate `as` value and it is preloaded intentionally. @ http://localhost:3200/:0
[21678169ms] [WARNING] The resource http://localhost:3200/_next/image?url=%2Fimages%2Fproducts%2Fxioma-book-air.webp&w=384&q=75 was preloaded using link preload but not used within a few seconds from the window's load event. Please make sure it has an appropriate `as` value and it is preloaded intentionally. @ http://localhost:3200/:0
[21694659ms] [WARNING] The resource http://localhost:3200/_next/image?url=%2Fimages%2Fproducts%2Fxioma-book-air.webp&w=384&q=75 was preloaded using link preload but not used within a few seconds from the window's load event. Please make sure it has an appropriate `as` value and it is preloaded intentionally. @ http://localhost:3200/:0
[22090460ms] [ERROR] Failed to load resource: the server responded with a status of 400 (Bad Request) @ http://localhost:3200/_next/image?url=%2Fimages%2Fproducts%2Fxioma-pad-6.webp&w=384&q=75:0
[22090557ms] [ERROR] Failed to load resource: the server responded with a status of 400 (Bad Request) @ http://localhost:3200/_next/image?url=%2Fimages%2Fproducts%2Fxioma-book-pro-16.webp&w=384&q=75:0
[22090557ms] [ERROR] Failed to load resource: the server responded with a status of 400 (Bad Request) @ http://localhost:3200/_next/image?url=%2Fimages%2Fproducts%2Fpulse-3-pro.webp&w=384&q=75:0
[22090558ms] [ERROR] Failed to load resource: the server responded with a status of 400 (Bad Request) @ http://localhost:3200/_next/image?url=%2Fimages%2Fproducts%2Fxioma-fold-x.webp&w=384&q=75:0
[22090561ms] [ERROR] Failed to load resource: the server responded with a status of 400 (Bad Request) @ http://localhost:3200/_next/image?url=%2Fimages%2Fproducts%2Fnovatech-aura-6-pro.webp&w=384&q=75:0
[22090575ms] [ERROR] Failed to load resource: the server responded with a status of 400 (Bad Request) @ http://localhost:3200/_next/image?url=%2Fimages%2Fproducts%2Fnova-hub-mini.webp&w=384&q=75:0
[22093736ms] [ERROR] Failed to load resource: the server responded with a status of 404 (Not Found) @ http://localhost:3200/forgot-password?_rsc=17yrj:0
[22094716ms] [VERBOSE] [DOM] Input elements should have autocomplete attributes (suggested: "new-password"): (More info: https://goo.gl/9p2vKq) %o @ http://localhost:3200/register:0
[22094716ms] [VERBOSE] [DOM] Input elements should have autocomplete attributes (suggested: "new-password"): (More info: https://goo.gl/9p2vKq) %o @ http://localhost:3200/register:0
[22094760ms] [ERROR] Failed to load resource: the server responded with a status of 404 (Not Found) @ http://localhost:3200/privacy?_rsc=lqhut:0
[22094763ms] [ERROR] Failed to load resource: the server responded with a status of 404 (Not Found) @ http://localhost:3200/terms?_rsc=lqhut:0
[22099007ms] [ERROR] Failed to load resource: the server responded with a status of 400 (Bad Request) @ http://localhost:3200/_next/image?url=%2Fimages%2Fproducts%2Fxioma-pad-6.webp&w=384&q=75:0
[22099253ms] [ERROR] Failed to load resource: the server responded with a status of 400 (Bad Request) @ http://localhost:3200/_next/image?url=%2Fimages%2Fproducts%2Fxioma-book-pro-16.webp&w=384&q=75:0
[22099253ms] [ERROR] Failed to load resource: the server responded with a status of 400 (Bad Request) @ http://localhost:3200/_next/image?url=%2Fimages%2Fproducts%2Fpulse-3-pro.webp&w=384&q=75:0
[22099254ms] [ERROR] Failed to load resource: the server responded with a status of 400 (Bad Request) @ http://localhost:3200/_next/image?url=%2Fimages%2Fproducts%2Fxioma-fold-x.webp&w=384&q=75:0
[22099255ms] [ERROR] Failed to load resource: the server responded with a status of 400 (Bad Request) @ http://localhost:3200/_next/image?url=%2Fimages%2Fproducts%2Fnovatech-aura-6-pro.webp&w=384&q=75:0
[22099283ms] [ERROR] Failed to load resource: the server responded with a status of 400 (Bad Request) @ http://localhost:3200/_next/image?url=%2Fimages%2Fproducts%2Fnova-hub-mini.webp&w=384&q=75:0
[22099286ms] [ERROR] Failed to load resource: the server responded with a status of 400 (Bad Request) @ http://localhost:3200/_next/image?url=%2Fimages%2Fproducts%2Fxioma-pad-6.webp&w=384&q=75:0
[22102330ms] [ERROR] Failed to load resource: the server responded with a status of 404 (Not Found) @ http://localhost:3200/forgot-password?_rsc=17yrj:0
[22103302ms] [VERBOSE] [DOM] Input elements should have autocomplete attributes (suggested: "new-password"): (More info: https://goo.gl/9p2vKq) %o @ http://localhost:3200/register:0
[22103302ms] [VERBOSE] [DOM] Input elements should have autocomplete attributes (suggested: "new-password"): (More info: https://goo.gl/9p2vKq) %o @ http://localhost:3200/register:0
[22103339ms] [ERROR] Failed to load resource: the server responded with a status of 404 (Not Found) @ http://localhost:3200/privacy?_rsc=lqhut:0
[22103347ms] [ERROR] Failed to load resource: the server responded with a status of 404 (Not Found) @ http://localhost:3200/terms?_rsc=lqhut:0
[22107660ms] [ERROR] Failed to load resource: the server responded with a status of 400 (Bad Request) @ http://localhost:3200/_next/image?url=%2Fimages%2Fproducts%2Fxioma-pad-6.webp&w=384&q=75:0
[22107894ms] [ERROR] Failed to load resource: the server responded with a status of 400 (Bad Request) @ http://localhost:3200/_next/image?url=%2Fimages%2Fproducts%2Fxioma-pad-6.webp&w=384&q=75:0
[22108031ms] [ERROR] Failed to load resource: the server responded with a status of 400 (Bad Request) @ http://localhost:3200/_next/image?url=%2Fimages%2Fproducts%2Fxioma-book-pro-16.webp&w=384&q=75:0
[22108033ms] [ERROR] Failed to load resource: the server responded with a status of 400 (Bad Request) @ http://localhost:3200/_next/image?url=%2Fimages%2Fproducts%2Fpulse-3-pro.webp&w=384&q=75:0
[22108067ms] [ERROR] Failed to load resource: the server responded with a status of 400 (Bad Request) @ http://localhost:3200/_next/image?url=%2Fimages%2Fproducts%2Fnovatech-aura-6-pro.webp&w=384&q=75:0
[22108068ms] [ERROR] Failed to load resource: the server responded with a status of 400 (Bad Request) @ http://localhost:3200/_next/image?url=%2Fimages%2Fproducts%2Fnova-hub-mini.webp&w=384&q=75:0
[22108068ms] [ERROR] Failed to load resource: the server responded with a status of 400 (Bad Request) @ http://localhost:3200/_next/image?url=%2Fimages%2Fproducts%2Fxioma-fold-x.webp&w=384&q=75:0
[22111162ms] [ERROR] Failed to load resource: the server responded with a status of 404 (Not Found) @ http://localhost:3200/forgot-password?_rsc=17yrj:0
[22112121ms] [VERBOSE] [DOM] Input elements should have autocomplete attributes (suggested: "new-password"): (More info: https://goo.gl/9p2vKq) %o @ http://localhost:3200/register:0
[22112122ms] [VERBOSE] [DOM] Input elements should have autocomplete attributes (suggested: "new-password"): (More info: https://goo.gl/9p2vKq) %o @ http://localhost:3200/register:0
[22112156ms] [ERROR] Failed to load resource: the server responded with a status of 404 (Not Found) @ http://localhost:3200/privacy?_rsc=lqhut:0
[22112158ms] [ERROR] Failed to load resource: the server responded with a status of 404 (Not Found) @ http://localhost:3200/terms?_rsc=lqhut:0
